APTA_1.0 {
    global:
        apta_allocator_init;
        apta_clock_init;
        apta_context_config_init;
        apta_context_create;
        apta_context_destroy;
        apta_context_get_capabilities;
        apta_diagnostic_view_init;
        apta_focus_init;
        apta_frame_range_init;
        apta_grid_revision_view_init;
        apta_grid_view_init;
        apta_logger_init;
        apta_memory_requirements_init;
        apta_metadata_init;
        apta_metadata_view_init;
        apta_parse_options_init;
        apta_pcm_block_init;
        apta_pcm_request_init;
        apta_pcm_source_init;
        apta_progress_init;
        apta_query_memory_requirements;
        apta_query_workspace_requirements;
        apta_region_request_init;
        apta_request_progress_init;
        apta_result_get_available_features;
        apta_result_get_beatgrid;
        apta_result_get_diagnostic;
        apta_result_get_diagnostic_count;
        apta_result_get_feature_state;
        apta_result_get_generation;
        apta_result_get_grid_revision;
        apta_result_get_info;
        apta_result_get_metadata;
        apta_result_get_source_info;
        apta_result_get_tempo;
        apta_result_get_waveform_overview;
        apta_result_get_waveform_tile;
        apta_result_info_init;
        apta_result_parse;
        apta_result_query_serialized_size;
        apta_result_release;
        apta_result_serialize;
        apta_serialize_options_init;
        apta_session_acquire_result;
        apta_session_apply_grid_revision;
        apta_session_cancel_region_request;
        apta_session_config_init;
        apta_session_create;
        apta_session_destroy;
        apta_session_get_request_progress;
        apta_session_get_state;
        apta_session_is_cancel_requested;
        apta_session_lock_grid_range;
        apta_session_next_pcm_request;
        apta_session_process;
        apta_session_push_pcm;
        apta_session_request_cancel;
        apta_session_request_region;
        apta_session_seed_from_result;
        apta_session_set_focus;
        apta_session_set_metadata;
        apta_session_set_source;
        apta_session_signal_end_of_input;
        apta_source_info_init;
        apta_tempo_view_init;
        apta_waveform_overview_view_init;
        apta_waveform_tile_view_init;
        apta_work_budget_init;
    local:
        *;
};

APTA_1.1 {
    global:
        apta_input_stream_init;
        apta_key_view_init;
        apta_meter_view_init;
        apta_output_stream_init;
        apta_quality_view_init;
        apta_result_builder_create;
        apta_result_builder_destroy;
        apta_result_builder_finalize;
        apta_result_builder_info_init;
        apta_result_builder_options_init;
        apta_result_builder_reset;
        apta_result_builder_set_beatgrid;
        apta_result_builder_set_grid_revision;
        apta_result_builder_set_info;
        apta_result_builder_set_key;
        apta_result_builder_set_metadata;
        apta_result_builder_set_meter;
        apta_result_builder_set_provenance;
        apta_result_builder_set_quality;
        apta_result_builder_set_source_info;
        apta_result_builder_set_tempo;
        apta_result_builder_set_waveform_detail;
        apta_result_builder_set_waveform_overview;
        apta_result_get_key;
        apta_result_get_meter;
        apta_result_get_provenance;
        apta_result_get_quality;
        apta_result_parse_from_stream;
        apta_result_provenance_init;
        apta_result_serialize_to_stream;
        apta_stream_parse_options_init;
        apta_waveform_detail_input_init;
} APTA_1.0;
